// Jest Snapshot v1, https://goo.gl/fbAQLP

exports[`wpp-avatar-group renders component 1`] = `
<wpp-avatar-group class="wpp-avatar-group wpp-circle wpp-size-xs" exportparts="list, item, menu, avatar, hidden-item, hidden-item-with-avatar, hidden-item-avatar, hidden-item-name" role="group">
  <mock:shadow-root>
    <ul class="avatars-list" part="list"></ul>
  </mock:shadow-root>
</wpp-avatar-group>
`;

exports[`wpp-avatar-group renders component with users with prop src and color attributes 1`] = `
<wpp-avatar-group class="wpp-avatar-group wpp-circle wpp-size-xs" exportparts="list, item, menu, avatar, hidden-item, hidden-item-with-avatar, hidden-item-avatar, hidden-item-name" role="group">
  <mock:shadow-root>
    <ul class="avatars-list" part="list">
      <li class="avatar-item" part="item">
        <wpp-avatar color="var(--wpp-dataviz-color-cat-neutral-1)" name="Citlalli Tuva" size="xs" src="" variant="circle"></wpp-avatar>
      </li>
      <li class="avatar-item" part="item">
        <wpp-avatar name="Nicte Lalawethika" size="xs" src="https://media.istockphoto.com/photos/colored-powder-explosion-on-black-background-picture-id1057506940?k=20&amp;m=1057506940&amp;s=612x612&amp;w=0&amp;h=3j5EA6YFVg3q-laNqTGtLxfCKVR3_o6gcVZZseNaWGk=" variant="circle"></wpp-avatar>
      </li>
      <li class="avatar-item" part="item">
        <wpp-avatar color="var(--wpp-dataviz-color-cat-neutral-2)" name="Wickaninnish Harald" size="xs" src="" variant="circle"></wpp-avatar>
      </li>
      <li class="avatar-item" part="item">
        <wpp-avatar color="var(--wpp-dataviz-color-cat-neutral-3)" name="Gustaf Marcus" size="xs" src="" variant="circle"></wpp-avatar>
      </li>
      <li class="avatar-item" part="item">
        <wpp-avatar color="var(--wpp-dataviz-color-cat-neutral-4)" name="Helga Karla" size="xs" src="" variant="circle"></wpp-avatar>
      </li>
      <li class="avatar-item" part="item">
        <wpp-avatar color="var(--wpp-dataviz-color-cat-neutral-5)" name="Rikard Linn" size="xs" src="" variant="circle"></wpp-avatar>
      </li>
    </ul>
  </mock:shadow-root>
</wpp-avatar-group>
`;
